// Jest Snapshot v1, https://goo.gl/fbAQLP

exports[`About Component About should render without throwing an error 1`] = `
<About
  address={
    Object {
      "city": "def",
      "street": "abc",
      "suite": "ghi",
      "zipcode": "123",
    }
  }
  classes={
    Object {
      "aboutStyles": "About-aboutStyles-2",
      "borderStyles": "About-borderStyles-3",
      "buttonStyles": "About-buttonStyles-4",
      "hoverStyles": "About-hoverStyles-5",
      "pos": "About-pos-7",
      "root": "About-root-1",
      "title": "About-title-6",
    }
  }
  company={
    Object {
      "name": "abc",
    }
  }
  email="r@gmail.com"
  name="rose"
  phone="123"
  username="rosy"
  website="aa.com"
/>
`;
