// Jest Snapshot v1, https://goo.gl/fbAQLP

exports[`Posts Component Posts should render without throwing an error 1`] = `
<div
  class="MuiGrid-root makeStyles-root-1 MuiGrid-container MuiGrid-spacing-xs-3 MuiGrid-direction-xs-column MuiGrid-align-items-xs-center MuiGrid-justify-xs-center"
  data-test="postContainerComponent"
>
  <div
    class="MuiGrid-root MuiGrid-item"
    data-test="header"
  >
    <div
      class="makeStyles-headerStyles-2"
    >
      Posts
    </div>
  </div>
</div>
`;
