// Jest Snapshot v1, https://goo.gl/fbAQLP

exports[`Header Component Header should render without throwing an error 1`] = `
<WithStyles(ForwardRef(Grid))
  alignItems="center"
  container={true}
  data-test="headerComponent"
>
  <WithStyles(ForwardRef(AppBar))
    position="static"
  >
    <WithStyles(ForwardRef(Toolbar))>
      <WithStyles(ForwardRef(Typography))
        className="makeStyles-typographyStyles-1"
        data-test="text"
      >
        Simple Calculator
      </WithStyles(ForwardRef(Typography))>
    </WithStyles(ForwardRef(Toolbar))>
  </WithStyles(ForwardRef(AppBar))>
</WithStyles(ForwardRef(Grid))>
`;
