// Jest Snapshot v1, https://goo.gl/fbAQLP

exports[`TableContainer component Table should render without throwing any error 1`] = `
<div>
   
  <table
    style={
      Object {
        "width": "100%",
      }
    }
  >
    <tbody>
      <tr>
        <th>
          S.No
        </th>
        <th
          key="0"
        >
          Val 
          1
        </th>
        <th
          key="1"
        >
          Val 
          2
        </th>
        <th
          key="100"
        >
          Sum
        </th>
        <th
          key="101"
        >
          Product
        </th>
      </tr>
      <tr
        data-row="index"
        key="0"
      >
        <td>
          1
        </td>
        <td
          key="0"
        >
          <input
            data-column={0}
            data-row={0}
            data-test="input"
            defaultValue={0}
            onChange={[Function]}
            type="number"
          />
        </td>
        <td
          key="1"
        >
          <input
            data-column={1}
            data-row={0}
            data-test="input"
            defaultValue={0}
            onChange={[Function]}
            type="number"
          />
        </td>
        <td
          key="100"
        >
          0
        </td>
        <td
          key="111"
        >
          0
        </td>
      </tr>
      <tr
        data-row="index"
        key="1"
      >
        <td>
          2
        </td>
        <td
          key="0"
        >
          <input
            data-column={0}
            data-row={1}
            data-test="input"
            defaultValue={0}
            onChange={[Function]}
            type="number"
          />
        </td>
        <td
          key="1"
        >
          <input
            data-column={1}
            data-row={1}
            data-test="input"
            defaultValue={0}
            onChange={[Function]}
            type="number"
          />
        </td>
        <td
          key="100"
        >
          0
        </td>
        <td
          key="111"
        >
          0
        </td>
      </tr>
    </tbody>
  </table>
</div>
`;
